// Jest Snapshot v1, https://goo.gl/fbAQLP

exports[`Render <Countries /> correctly 1`] = `
<div
  className="countries"
>
  <h1>
    COUNTRIES
  </h1>
  <div
    className="searchInput"
  >
    <input
      aria-label="search"
      onChange={[Function]}
      placeholder="Search name..."
      type="text"
    />
    <div
      className="searchIcon"
    >
      <svg
        fill="currentColor"
        height="1em"
        stroke="currentColor"
        strokeWidth="0"
        style={
          Object {
            "color": undefined,
          }
        }
        viewBox="0 0 24 24"
        width="1em"
        xmlns="http://www.w3.org/2000/svg"
      >
        <path
          d="M10 18a7.952 7.952 0 0 0 4.897-1.688l4.396 4.396 1.414-1.414-4.396-4.396A7.952 7.952 0 0 0 18 10c0-4.411-3.589-8-8-8s-8 3.589-8 8 3.589 8 8 8zm0-14c3.309 0 6 2.691 6 6s-2.691 6-6 6-6-2.691-6-6 2.691-6 6-6z"
        />
      </svg>
    </div>
  </div>
  <ul
    className="countriesList"
  />
</div>
`;
